SQL> select onum, amt, odate from orders;

      ONUM        AMT ODATE                                                     
---------- ---------- ---------                                                 
      3001      18.69 03-OCT-90                                                 
      3003     767.19 03-OCT-90                                                 
      3002     1900.1 03-OCT-90                                                 
      3005    5160.45 03-OCT-90                                                 
      3006    1098.16 03-OCT-90                                                 
      3009    1713.23 04-OCT-90                                                 
      3007      75.75 04-OCT-90                                                 
      3008       4723 05-OCT-90                                                 
      3010    1309.95 06-OCT-90                                                 
      3011    9891.88 06-OCT-90                                                 

10 rows selected.

SQL> select * from salespeople where snum = 1001;

      SNUM SNAME      CITY             COMM                                     
---------- ---------- ---------- ----------                                     
      1001 Peel       London            .12                                     

SQL> select city, sname, snum, comm from salespeople;

CITY       SNAME            SNUM       COMM                                     
---------- ---------- ---------- ----------                                     
London     Peel             1001        .12                                     
San Jose   Serres           1002        .13                                     
London     Motika           1004        .11                                     
Barcelona  Rifkin           1007        .15                                     
New York   Axelrod          1003         .1                                     

SQL> select rating, cname from customers where city = 'San Jose';

    RATING CNAME                                                                
---------- ----------                                                           
       200 Liu                                                                  
       300 Cisneros                                                             

SQL> select distinct snum as "Salesperson ID", onum as "Order ID", amt as "Amount", odate as "Date", cnum as "Customer ID" from orders;

Salesperson ID   Order ID     Amount Date      Customer ID                      
-------------- ---------- ---------- --------- -----------                      
          1007       3001      18.69 03-OCT-90        2008                      
          1002       3007      75.75 04-OCT-90        2004                      
          1001       3011    9891.88 06-OCT-90        2006                      
          1003       3009    1713.23 04-OCT-90        2002                      
          1004       3002     1900.1 03-OCT-90        2007                      
          1002       3005    5160.45 03-OCT-90        2003                      
          1002       3010    1309.95 06-OCT-90        2004                      
          1007       3006    1098.16 03-OCT-90        2008                      
          1001       3008       4723 05-OCT-90        2006                      
          1001       3003     767.19 03-OCT-90        2001                      

SQL> spool off;
