SQL> CREATE TABLE SALESPEOPLE(
  2  SNUM NUMBER(4),
  3  SNAME VARCHAR2(10),
  4  CITY VARCHAR2(10),
  5  COMM NUMBER(3,2));

Table created.

SQL> CREATE TABLE CUSTOMERS(
  2  CNUM NUMBER(4),
  3  CNAME VARCHAR2(10),
  4  CITY VARCHAR2(10),
  5  RATING NUMBER(4),
  6  SNUM NUMBER(4));

Table created.

SQL> CREATE TABLE ORDERS(
  2  ONUM NUMBER(4),
  3  AMT NUMBER(7,2),
  4  ODATE DATE,
  5  CNUM NUMBER(4),
  6  SNUM NUMBER(4));

Table created.

SQL> INSERT INTO SALESPEOPLE(SNUM, SNAME, CITY, COMM) VALUES (1001,'Peel','London', .12);

1 row created.

SQL> INSERT INTO SALESPEOPLE(SNUM, SNAME, CITY, COMM) VALUES (1002, 'Serres','San Jose',.13);

1 row created.

SQL> INSERT INTO SALESPEOPLE(SNUM, SNAME, CITY, COMM) VALUES (1004, 'Motika', 'London', .11);

1 row created.

SQL> INSERT INTO SALESPEOPLE(SNUM, SNAME, CITY, COMM) VALUES (1007, 'Rifkin', 'Barcelona', .15);

1 row created.

SQL> INSERT INTO SALESPEOPLE(SNUM, SNAME, CITY, COMM) VALUES (1003, 'Axelrod', 'New York', .1);

1 row created.

SQL> INSERT INTO CUSTOMERS(CNUM, CNAME, CITY, RATING, SNUM) VALUES (2001,'Hoffman','London',100, 1001);

1 row created.

SQL> INSERT INTO CUSTOMERS(CNUM, CNAME, CITY, RATING, SNUM) VALUES (2002, 'Giovanni','Rome',200,1003);

1 row created.

SQL> INSERT INTO CUSTOMERS(CNUM, CNAME, CITY, RATING, SNUM) VALUES (2003,'Liu','San Jose',200,1002);

1 row created.

SQL> INSERT INTO CUSTOMERS(CNUM, CNAME, CITY, RATING, SNUM) VALUES (2004, 'Grass','Berlin', 300,1002);

1 row created.

SQL> INSERT INTO CUSTOMERS(CNUM, CNAME, CITY, RATING, SNUM) VALUES (2006, 'Clemens','London', 100,1001);

1 row created.

SQL> INSERT INTO CUSTOMERS(CNUM, CNAME, CITY, RATING, SNUM) VALUES (2008, 'Cisneros','San Jose',300,1007);

1 row created.

SQL> INSERT INTO CUSTOMERS(CNUM, CNAME, CITY, RATING, SNUM) VALUES (2007, 'Pereira','Rome', 100, 1004);

1 row created.

SQL> INSERT INTO ORDERS(ONUM, AMT, ODATE, CNUM, SNUM) VALUES (3001,18.69,TO_DATE('03-OCT-1990', 'dd-MMM-yyyy'), 2008, 1007);

1 row created.

SQL> INSERT INTO ORDERS(ONUM, AMT, ODATE, CNUM, SNUM) VALUES (3003, 767.19, TO_DATE('03-OCT-1990', 'DD-MM-YYYY'), 2001, 1001);

1 row created.

SQL> INSERT INTO ORDERS(ONUM, AMT, ODATE, CNUM, SNUM) VALUES (3002, 1900.1, TO_DATE('03-OCT-1990', 'DD-MM-YYYY'), 2007, 1004);

1 row created.

SQL> INSERT INTO ORDERS(ONUM, AMT, ODATE, CNUM, SNUM) VALUES (3005, 5160.45, TO_DATE('03-OCT-1990', 'DD-MM-YYYY'), 2003, 1002);

1 row created.

SQL> INSERT INTO ORDERS(ONUM, AMT, ODATE, CNUM, SNUM) VALUES (3006, 1098.16, TO_DATE('03-OCT-1990', 'DD-MM-YYYY'), 2008, 1007);

1 row created.

SQL> INSERT INTO ORDERS(ONUM, AMT, ODATE, CNUM, SNUM) VALUES (3009, 1713.23, TO_DATE('04-OCT-1990', 'DD-MM-YYYY'), 2002, 1003);

1 row created.

SQL> INSERT INTO ORDERS(ONUM, AMT, ODATE, CNUM, SNUM) VALUES (3007, 75.75, TO_DATE('04-OCT-1990', 'DD-MM-YYYY'), 2004, 1002);

1 row created.

SQL> INSERT INTO ORDERS(ONUM, AMT, ODATE, CNUM, SNUM) VALUES (3008, 4723.00, TO_DATE('05-OCT-1990', 'DD-MM-YYYY'), 2006, 1001);

1 row created.

SQL> INSERT INTO ORDERS(ONUM, AMT, ODATE, CNUM, SNUM) VALUES (3010, 1309.95, TO_DATE('06-OCT-1990', 'DD-MM-YYYY'), 2004, 1002);

1 row created.

SQL> INSERT INTO ORDERS(ONUM, AMT, ODATE, CNUM, SNUM) VALUES (3011, 9891.88, TO_DATE('06-OCT-1990', 'DD-MM-YYYY'), 2006, 1001);

1 row created.

SQL> spool off
